// Jest Snapshot v1, https://goo.gl/fbAQLP

exports[`TabsBelowInfo renders correctly 1`] = `
Array [
  <div
    className="movie-rating"
  >
    <div
      className="movie-rating__score"
    >
      8.3
    </div>
    <p
      className="movie-rating__meta"
    >
      <span
        className="movie-rating__level"
      >
        Very good
      </span>
      <span
        className="movie-rating__count"
      >
        187
         ratings
      </span>
    </p>
  </div>,
  <div
    className="movie-card__text"
  >
    <p>
      Deserunt ex esse tempor aliqua labore ex ipsum ipsum. Minim elit anim consectetur eu cillum. Quis ut ut minim anim sit irure anim non officia id ex. Elit in ea ad elit consequat magna culpa excepteur Lorem. Excepteur sit sit enim irure enim in amet excepteur. Sunt ullamco et cupidatat est adipisicing occaecat nostrud voluptate aliquip consequat commodo adipisicing. Ipsum exercitation est consectetur aute magna anim dolore id enim.
    </p>
    <p>
          Sunt ullamco et cupidatat est adipisicing occaecat nostrud voluptate aliquip consequat commodo adipisicing. Ipsum exercitation est consectetur aute magna anim dolore id enim.
    </p>
    <p
      className="movie-card__director"
    >
      <strong>
        Director: 
        Christopher Nolan
      </strong>
    </p>
    <p
      className="movie-card__starring"
    >
      <strong>
        Starring: 
        Bill Murray, Jack Nicholson, Edward Norton, Jude Law, Dustin Hoffman
         and other
      </strong>
    </p>
  </div>,
]
`;
