// Jest Snapshot v1, https://goo.gl/fbAQLP

exports[`FilmCard renders correctly 1`] = `
<article
  className="small-movie-card catalog__movies-card"
  onMouseEnter={[Function]}
  onMouseLeave={[Function]}
>
  <a
    href="/film/1"
    onClick={[Function]}
  >
    <div
      className="small-movie-card__image"
    >
      <video
        height="100%"
        muted={true}
        poster="/img/aviator.jpg"
        width="100%"
      >
        <source
          src="https://upload.wikimedia.org/wikipedia/commons/transcoded/b/b3/Big_Buck_Bunny_Trailer_400p.ogv/Big_Buck_Bunny_Trailer_400p.ogv.360p.webm"
          type="video/webm"
        />
      </video>
    </div>
  </a>
  <h3
    className="small-movie-card__title"
  >
    <a
      className="small-movie-card__link"
      href="/film/1"
      onClick={[Function]}
    >
      Aviator
    </a>
  </h3>
</article>
`;
