// Jest Snapshot v1, https://goo.gl/fbAQLP

exports[`Header renders correctly 1`] = `
Array [
  <h1
    className="visually-hidden"
  >
    WTW
  </h1>,
  <header
    className="page-header movie-card__head"
  >
    <div
      className="logo"
    >
      <a
        className="logo__link"
        href="/"
        onClick={[Function]}
      >
        <span
          className="logo__letter logo__letter--1"
        >
          W
        </span>
        <span
          className="logo__letter logo__letter--2"
        >
          T
        </span>
        <span
          className="logo__letter logo__letter--3"
        >
          W
        </span>
      </a>
    </div>
    <div
      className="user-block"
    >
      <div
        className="user-block__avatar"
      >
        <a
          href="/mylist"
          onClick={[Function]}
          style={
            Object {
              "color": "#dfcf77",
              "textDecoration": "none",
            }
          }
        >
          <img
            alt="User avatar"
            height="63"
            src="https://htmlacademy-react-2.appspot.com/img/photo.jpg"
            width="63"
          />
        </a>
      </div>
    </div>
  </header>,
]
`;
